SAYANNYA@LAPTOP-E347EHK3 MINGW64 ~
$ cd Desktop/AWS

SAYANNYA@LAPTOP-E347EHK3 MINGW64 ~/Desktop/AWS
$ git init
Initialized empty Git repository in C:/Users/SAYANNYA/Desktop/AWS/.git/

SAYANNYA@LAPTOP-E347EHK3 MINGW64 ~/Desktop/AWS (master)
$ git add -A

SAYANNYA@LAPTOP-E347EHK3 MINGW64 ~/Desktop/AWS (master)
$ git status
On branch master

No commits yet

Changes to be committed:
  (use "git rm --cached <file>..." to unstage)
        new file:   eureka_server/Dockerfile
        new file:   eureka_server/eureka-discovery-service.jar
        new file:   truyum/Dockerfile
        new file:   truyum/truyum.jar
        new file:   zuul_gateway/Dockerfile
        new file:   zuul_gateway/zuul-gateway-service.jar


SAYANNYA@LAPTOP-E347EHK3 MINGW64 ~/Desktop/AWS (master)
$ git commit -m "uploaded via git"
Author identity unknown

*** Please tell me who you are.

Run

  git config --global user.email "you@example.com"
  git config --global user.name "Your Name"

to set your account's default identity.
Omit --global to set the identity only in this repository.

fatal: unable to auto-detect email address (got 'SAYANNYA@LAPTOP-E347EHK3.(none)')

SAYANNYA@LAPTOP-E347EHK3 MINGW64 ~/Desktop/AWS (master)
$ git config --global user.email "sayannyaghosh01@gmail.com"

SAYANNYA@LAPTOP-E347EHK3 MINGW64 ~/Desktop/AWS (master)
$ git config --global user.name "sayannyaghosh"

SAYANNYA@LAPTOP-E347EHK3 MINGW64 ~/Desktop/AWS (master)
$ git commit -m "uploaded via git"
[master (root-commit) cd4dbab] uploaded via git
 6 files changed, 15 insertions(+)
 create mode 100644 eureka_server/Dockerfile
 create mode 100644 eureka_server/eureka-discovery-service.jar
 create mode 100644 truyum/Dockerfile
 create mode 100644 truyum/truyum.jar
 create mode 100644 zuul_gateway/Dockerfile
 create mode 100644 zuul_gateway/zuul-gateway-service.jar

SAYANNYA@LAPTOP-E347EHK3 MINGW64 ~/Desktop/AWS (master)
$ git branch -M main

SAYANNYA@LAPTOP-E347EHK3 MINGW64 ~/Desktop/AWS (main)
$ git remote add origin https://github.com/sayannyaghosh/AWS-Docker-HandsOn.git

SAYANNYA@LAPTOP-E347EHK3 MINGW64 ~/Desktop/AWS (main)
$ git push -u origin main
Enumerating objects: 11, done.
Counting objects: 100% (11/11), done.
Delta compression using up to 8 threads
Compressing objects: 100% (11/11), done.
Writing objects: 100% (11/11), 62.49 MiB | 3.51 MiB/s, done.
Total 11 (delta 2), reused 0 (delta 0), pack-reused 0
remote: Resolving deltas: 100% (2/2), done.
To https://github.com/sayannyaghosh/AWS-Docker-HandsOn.git
 * [new branch]      main -> main
Branch 'main' set up to track remote branch 'main' from 'origin'.

